{
  "plugins": {
    "rudder-plugin-dsc": {
      "type": "plugin",
      "name": "rudder-plugin-dsc",
      "version": "8.0.0~rc2-2.4",
      "build-date": "2023-10-13T10:03:52+00:00",
      "build-commit": "2abc53fb8b2d1c667a91b1a1da2f941a99872cdf",
      "depends": {
        "binary": [
          "zip"
        ]
      },
      "jar-files": [
        "/opt/rudder/share/plugins/dsc/dsc.jar"
      ],
      "requires-license": false,
      "content": {
        "files.txz": "/opt/rudder/share/plugins",
        "agent-policy.txz": "/var/rudder/configuration-repository",
        "dsc-common.txz": "/var/rudder/configuration-repository/techniques/system",
        "techniques.txz": "/var/rudder/configuration-repository",
        "ncf.txz": "/var/rudder/configuration-repository",
        "hooks.txz": "/opt/rudder/etc"
      },
      "files": [
        "/opt/rudder/share/plugins/",
        "/opt/rudder/share/plugins/dsc/",
        "/opt/rudder/share/plugins/dsc/dsc.jar",
        "/var/rudder/configuration-repository/",
        "/var/rudder/configuration-repository/dsc/",
        "/var/rudder/configuration-repository/dsc/ncf/",
        "/var/rudder/configuration-repository/dsc/ncf/rudderLib/",
        "/var/rudder/configuration-repository/dsc/ncf/rudderLib/Serilog.Sinks.File.dll",
        "/var/rudder/configuration-repository/dsc/ncf/rudderLib/Library.dll",
        "/var/rudder/configuration-repository/dsc/ncf/rudderLib/Serilog.Sinks.Console.dll",
        "/var/rudder/configuration-repository/dsc/ncf/rudderLib/zh-Hans/",
        "/var/rudder/configuration-repository/dsc/ncf/rudderLib/zh-Hans/FSharp.Core.resources.dll",
        "/var/rudder/configuration-repository/dsc/ncf/rudderLib/Makefile",
        "/var/rudder/configuration-repository/dsc/ncf/rudderLib/Library.pdb",
        "/var/rudder/configuration-repository/dsc/ncf/rudderLib/zh-Hant/",
        "/var/rudder/configuration-repository/dsc/ncf/rudderLib/zh-Hant/FSharp.Core.resources.dll",
        "/var/rudder/configuration-repository/dsc/ncf/rudderLib/es/",
        "/var/rudder/configuration-repository/dsc/ncf/rudderLib/es/FSharp.Core.resources.dll",
        "/var/rudder/configuration-repository/dsc/ncf/rudderLib/.gitignore",
        "/var/rudder/configuration-repository/dsc/ncf/rudderLib/src/",
        "/var/rudder/configuration-repository/dsc/ncf/rudderLib/src/Library/",
        "/var/rudder/configuration-repository/dsc/ncf/rudderLib/src/Library/Library.fsproj",
        "/var/rudder/configuration-repository/dsc/ncf/rudderLib/src/Library/Library.fs",
        "/var/rudder/configuration-repository/dsc/ncf/rudderLib/it/",
        "/var/rudder/configuration-repository/dsc/ncf/rudderLib/it/FSharp.Core.resources.dll",
        "/var/rudder/configuration-repository/dsc/ncf/rudderLib/FParsec.dll",
        "/var/rudder/configuration-repository/dsc/ncf/rudderLib/ko/",
        "/var/rudder/configuration-repository/dsc/ncf/rudderLib/ko/FSharp.Core.resources.dll",
        "/var/rudder/configuration-repository/dsc/ncf/rudderLib/de/",
        "/var/rudder/configuration-repository/dsc/ncf/rudderLib/de/FSharp.Core.resources.dll",
        "/var/rudder/configuration-repository/dsc/ncf/rudderLib/ja/",
        "/var/rudder/configuration-repository/dsc/ncf/rudderLib/ja/FSharp.Core.resources.dll",
        "/var/rudder/configuration-repository/dsc/ncf/rudderLib/rudderLib.sln",
        "/var/rudder/configuration-repository/dsc/ncf/rudderLib/pt-BR/",
        "/var/rudder/configuration-repository/dsc/ncf/rudderLib/pt-BR/FSharp.Core.resources.dll",
        "/var/rudder/configuration-repository/dsc/ncf/rudderLib/FSharp.Core.dll",
        "/var/rudder/configuration-repository/dsc/ncf/rudderLib/cs/",
        "/var/rudder/configuration-repository/dsc/ncf/rudderLib/cs/FSharp.Core.resources.dll",
        "/var/rudder/configuration-repository/dsc/ncf/rudderLib/fr/",
        "/var/rudder/configuration-repository/dsc/ncf/rudderLib/fr/FSharp.Core.resources.dll",
        "/var/rudder/configuration-repository/dsc/ncf/rudderLib/FParsecCS.dll",
        "/var/rudder/configuration-repository/dsc/ncf/rudderLib/pl/",
        "/var/rudder/configuration-repository/dsc/ncf/rudderLib/pl/FSharp.Core.resources.dll",
        "/var/rudder/configuration-repository/dsc/ncf/rudderLib/Serilog.dll",
        "/var/rudder/configuration-repository/dsc/ncf/rudderLib/tr/",
        "/var/rudder/configuration-repository/dsc/ncf/rudderLib/tr/FSharp.Core.resources.dll",
        "/var/rudder/configuration-repository/dsc/ncf/rudderLib/ru/",
        "/var/rudder/configuration-repository/dsc/ncf/rudderLib/ru/FSharp.Core.resources.dll",
        "/var/rudder/configuration-repository/dsc/ncf/rudderLib/System.ValueTuple.dll",
        "/var/rudder/configuration-repository/dsc/ncf/30_generic_methods/",
        "/var/rudder/configuration-repository/dsc/ncf/30_generic_methods/file_copy_from_local_source.ps1",
        "/var/rudder/configuration-repository/dsc/ncf/30_generic_methods/service_disabled_at_boot.ps1",
        "/var/rudder/configuration-repository/dsc/ncf/30_generic_methods/_rudder_common_report.ps1",
        "/var/rudder/configuration-repository/dsc/ncf/30_generic_methods/dsc_from_configuration.ps1",
        "/var/rudder/configuration-repository/dsc/ncf/30_generic_methods/directory_absent.ps1",
        "/var/rudder/configuration-repository/dsc/ncf/30_generic_methods/file_absent.ps1",
        "/var/rudder/configuration-repository/dsc/ncf/30_generic_methods/dsc_apply.ps1",
        "/var/rudder/configuration-repository/dsc/ncf/30_generic_methods/service_ensure_running.ps1",
        "/var/rudder/configuration-repository/dsc/ncf/30_generic_methods/powershell_execution.ps1",
        "/var/rudder/configuration-repository/dsc/ncf/30_generic_methods/service_ensure_stopped.ps1",
        "/var/rudder/configuration-repository/dsc/ncf/30_generic_methods/file_remove.ps1",
        "/var/rudder/configuration-repository/dsc/ncf/30_generic_methods/service_ensure_disabled_at_boot.ps1",
        "/var/rudder/configuration-repository/dsc/ncf/30_generic_methods/service_status.ps1",
        "/var/rudder/configuration-repository/dsc/ncf/30_generic_methods/file_from_shared_folder.ps1",
        "/var/rudder/configuration-repository/dsc/ncf/30_generic_methods/file_create.ps1",
        "/var/rudder/configuration-repository/dsc/ncf/30_generic_methods/condition_from_command.ps1",
        "/var/rudder/configuration-repository/dsc/ncf/30_generic_methods/condition_from_variable_existence.ps1",
        "/var/rudder/configuration-repository/dsc/ncf/30_generic_methods/file_content.ps1",
        "/var/rudder/configuration-repository/dsc/ncf/30_generic_methods/dsc_mof_file_apply.ps1",
        "/var/rudder/configuration-repository/dsc/ncf/30_generic_methods/file_lines_absent.ps1",
        "/var/rudder/configuration-repository/dsc/ncf/30_generic_methods/windows_component_absent.ps1",
        "/var/rudder/configuration-repository/dsc/ncf/30_generic_methods/file_from_http_server.ps1",
        "/var/rudder/configuration-repository/dsc/ncf/30_generic_methods/directory_create.ps1",
        "/var/rudder/configuration-repository/dsc/ncf/30_generic_methods/user_status.ps1",
        "/var/rudder/configuration-repository/dsc/ncf/30_generic_methods/windows_hotfix_present.ps1",
        "/var/rudder/configuration-repository/dsc/ncf/30_generic_methods/registry_entry_absent.ps1",
        "/var/rudder/configuration-repository/dsc/ncf/30_generic_methods/package_state_windows.ps1",
        "/var/rudder/configuration-repository/dsc/ncf/30_generic_methods/variable_string_from_command.ps1",
        "/var/rudder/configuration-repository/dsc/ncf/30_generic_methods/file_from_template.ps1",
        "/var/rudder/configuration-repository/dsc/ncf/30_generic_methods/service_restart.ps1",
        "/var/rudder/configuration-repository/dsc/ncf/30_generic_methods/variable_string_from_file.ps1",
        "/var/rudder/configuration-repository/dsc/ncf/30_generic_methods/registry_key_absent.ps1",
        "/var/rudder/configuration-repository/dsc/ncf/30_generic_methods/file_download.ps1",
        "/var/rudder/configuration-repository/dsc/ncf/30_generic_methods/user_present.ps1",
        "/var/rudder/configuration-repository/dsc/ncf/30_generic_methods/windows_hotfix_absent.ps1",
        "/var/rudder/configuration-repository/dsc/ncf/30_generic_methods/user_absent.ps1",
        "/var/rudder/configuration-repository/dsc/ncf/30_generic_methods/dsc_built_in_resource.ps1",
        "/var/rudder/configuration-repository/dsc/ncf/30_generic_methods/file_ensure_lines_present.ps1",
        "/var/rudder/configuration-repository/dsc/ncf/30_generic_methods/registry_entry_present.ps1",
        "/var/rudder/configuration-repository/dsc/ncf/30_generic_methods/file_from_template_mustache.ps1",
        "/var/rudder/configuration-repository/dsc/ncf/30_generic_methods/condition_from_string_match.ps1",
        "/var/rudder/configuration-repository/dsc/ncf/30_generic_methods/file_enforce_content.ps1",
        "/var/rudder/configuration-repository/dsc/ncf/30_generic_methods/variable_string.ps1",
        "/var/rudder/configuration-repository/dsc/ncf/30_generic_methods/file_lines_present.ps1",
        "/var/rudder/configuration-repository/dsc/ncf/30_generic_methods/variable_dict_merge.ps1",
        "/var/rudder/configuration-repository/dsc/ncf/30_generic_methods/registry_key_present.ps1",
        "/var/rudder/configuration-repository/dsc/ncf/30_generic_methods/windows_component_present.ps1",
        "/var/rudder/configuration-repository/dsc/ncf/30_generic_methods/command_execution.ps1",
        "/var/rudder/configuration-repository/dsc/ncf/30_generic_methods/audit_from_powershell_execution.ps1",
        "/var/rudder/configuration-repository/dsc/ncf/30_generic_methods/variable_dict.ps1",
        "/var/rudder/configuration-repository/dsc/ncf/30_generic_methods/condition_from_variable_match.ps1",
        "/var/rudder/configuration-repository/dsc/ncf/30_generic_methods/directory_present.ps1",
        "/var/rudder/configuration-repository/dsc/ncf/30_generic_methods/variable_dict_from_file.ps1",
        "/var/rudder/configuration-repository/dsc/ncf/30_generic_methods/service_ensure_started_at_boot.ps1",
        "/var/rudder/configuration-repository/dsc/ncf/30_generic_methods/service_stopped.ps1",
        "/var/rudder/configuration-repository/dsc/ncf/30_generic_methods/_check_compliance.ps1",
        "/var/rudder/configuration-repository/dsc/ncf/30_generic_methods/service_started.ps1",
        "/var/rudder/configuration-repository/dsc/ncf/30_generic_methods/service_enabled.ps1",
        "/var/rudder/configuration-repository/dsc/ncf/30_generic_methods/file_present.ps1",
        "/var/rudder/configuration-repository/dsc/ncf/30_generic_methods/file_from_local_source.ps1",
        "/var/rudder/configuration-repository/dsc/ncf/30_generic_methods/permissions_ntfs.ps1",
        "/var/rudder/configuration-repository/dsc/ncf/30_generic_methods/user_password_clear.ps1",
        "/var/rudder/configuration-repository/dsc/ncf/10_ncf_internals/",
        "/var/rudder/configuration-repository/dsc/ncf/10_ncf_internals/states.ps1",
        "/var/rudder/configuration-repository/dsc/ncf/10_ncf_internals/classes.ps1",
        "/var/rudder/configuration-repository/dsc/ncf/10_ncf_internals/ncf_lib.ps1",
        "/var/rudder/configuration-repository/dsc/ncf/10_ncf_internals/convertPSObjectToHashtable.ps1",
        "/var/rudder/configuration-repository/dsc/ncf/10_ncf_internals/Compare-RudderData.ps1",
        "/var/rudder/configuration-repository/dsc/ncf/10_ncf_internals/Add-RudderVar.ps1",
        "/var/rudder/configuration-repository/dsc/ncf/10_ncf_internals/Merge-RudderData.ps1",
        "/var/rudder/configuration-repository/dsc/ncf/10_ncf_internals/rudderLibLoader.ps1",
        "/var/rudder/configuration-repository/dsc/initial-policy.psm1",
        "/var/rudder/configuration-repository/techniques/system/",
        "/var/rudder/configuration-repository/techniques/system/dsc-common/",
        "/var/rudder/configuration-repository/techniques/system/dsc-common/1.0/",
        "/var/rudder/configuration-repository/techniques/system/dsc-common/1.0/rudder-system-directives.st",
        "/var/rudder/configuration-repository/techniques/system/dsc-common/1.0/metadata.xml",
        "/var/rudder/configuration-repository/techniques/system/dsc-common/1.0/variables.ps1",
        "/var/rudder/configuration-repository/techniques/system/dsc-common/1.0/prerun-check.ps1",
        "/var/rudder/configuration-repository/techniques/system/dsc-common/1.0/rudder-directives.st",
        "/var/rudder/configuration-repository/techniques/system/dsc-common/1.0/reporting-http.ps1",
        "/var/rudder/configuration-repository/techniques/system/dsc-common/1.0/logging.ps1",
        "/var/rudder/configuration-repository/techniques/system/dsc-common/1.0/rudder-vars.st",
        "/var/rudder/configuration-repository/techniques/system/dsc-common/1.0/template/",
        "/var/rudder/configuration-repository/techniques/system/dsc-common/1.0/template/Rudder-Inventory.xml",
        "/var/rudder/configuration-repository/techniques/system/dsc-common/1.0/template/Rudder-Agent.xml",
        "/var/rudder/configuration-repository/techniques/system/dsc-common/1.0/execution_scheduler.ps1",
        "/var/rudder/configuration-repository/",
        "/var/rudder/configuration-repository/techniques/",
        "/var/rudder/configuration-repository/techniques/applications/",
        "/var/rudder/configuration-repository/techniques/applications/windowsUpdate/",
        "/var/rudder/configuration-repository/techniques/applications/windowsUpdate/2.0/",
        "/var/rudder/configuration-repository/techniques/applications/windowsUpdate/2.0/tests/",
        "/var/rudder/configuration-repository/techniques/applications/windowsUpdate/2.0/tests/applyDone.json",
        "/var/rudder/configuration-repository/techniques/applications/windowsUpdate/2.0/formatUpdates.ps1",
        "/var/rudder/configuration-repository/techniques/applications/windowsUpdate/2.0/metadata.xml",
        "/var/rudder/configuration-repository/techniques/applications/windowsUpdate/2.0/retrievePendingUpdates.ps1",
        "/var/rudder/configuration-repository/techniques/applications/windowsUpdate/2.0/shouldRunAction.ps1",
        "/var/rudder/configuration-repository/techniques/applications/windowsUpdate/2.0/formatException.ps1",
        "/var/rudder/configuration-repository/techniques/applications/windowsUpdate/2.0/persistent.ps1",
        "/var/rudder/configuration-repository/techniques/applications/windowsUpdate/2.0/getDayForAction.ps1",
        "/var/rudder/configuration-repository/techniques/applications/windowsUpdate/2.0/README.md",
        "/var/rudder/configuration-repository/techniques/applications/windowsUpdate/2.0/windowsUpdate.ps1.st",
        "/var/rudder/configuration-repository/techniques/applications/windowsUpdate/2.0/installUpdates.ps1",
        "/var/rudder/configuration-repository/techniques/applications/windowsUpdate/2.0/rebootAfterUpdate.ps1",
        "/var/rudder/configuration-repository/techniques/applications/windowsUpdate/2.0/downloadUpdates.ps1",
        "/var/rudder/configuration-repository/techniques/applications/windowsSoftware/",
        "/var/rudder/configuration-repository/techniques/applications/windowsSoftware/2.2/",
        "/var/rudder/configuration-repository/techniques/applications/windowsSoftware/2.2/metadata.xml",
        "/var/rudder/configuration-repository/techniques/applications/windowsSoftware/2.2/windowsSoftware.ps1.st",
        "/var/rudder/configuration-repository/techniques/applications/windowsSoftware/2.2/doInstall.ps1",
        "/var/rudder/configuration-repository/techniques/applications/windowsSoftware/2.2/isInstalled.ps1",
        "/var/rudder/configuration-repository/techniques/applications/windowsSoftware/2.2/getAppVersion.ps1",
        "/var/rudder/configuration-repository/techniques/applications/windowsSoftware/2.2/windowsSoftwareCommandDetection.ps1",
        "/var/rudder/configuration-repository/techniques/applications/windowsSoftware/2.2/getVersionFromRegistry.ps1",
        "/var/rudder/configuration-repository/techniques/applications/windowsSoftware/2.2/isVersionCorrect.ps1",
        "/var/rudder/configuration-repository/techniques/applications/windowsSoftware/1.0/",
        "/var/rudder/configuration-repository/techniques/applications/windowsSoftware/1.0/metadata.xml",
        "/var/rudder/configuration-repository/techniques/applications/windowsSoftware/1.0/windowsSoftware.ps1.st",
        "/var/rudder/configuration-repository/techniques/applications/windowsSoftware/2.1/",
        "/var/rudder/configuration-repository/techniques/applications/windowsSoftware/2.1/metadata.xml",
        "/var/rudder/configuration-repository/techniques/applications/windowsSoftware/2.1/windowsSoftware.ps1.st",
        "/var/rudder/configuration-repository/techniques/applications/windowsSoftware/2.0/",
        "/var/rudder/configuration-repository/techniques/applications/windowsSoftware/2.0/metadata.xml",
        "/var/rudder/configuration-repository/techniques/applications/windowsSoftware/2.0/windowsSoftware.ps1.st",
        "/var/rudder/configuration-repository/techniques/systemSettings/",
        "/var/rudder/configuration-repository/techniques/systemSettings/misc/",
        "/var/rudder/configuration-repository/techniques/systemSettings/misc/registryManagement/",
        "/var/rudder/configuration-repository/techniques/systemSettings/misc/registryManagement/3.0/",
        "/var/rudder/configuration-repository/techniques/systemSettings/misc/registryManagement/3.0/metadata.xml",
        "/var/rudder/configuration-repository/techniques/systemSettings/misc/registryManagement/3.0/registryEdition.ps1.st",
        "/var/rudder/configuration-repository/techniques/systemSettings/misc/registryManagement/4.0/",
        "/var/rudder/configuration-repository/techniques/systemSettings/misc/registryManagement/4.0/metadata.xml",
        "/var/rudder/configuration-repository/techniques/systemSettings/misc/registryManagement/4.0/registryEdition.ps1.st",
        "/var/rudder/configuration-repository/",
        "/var/rudder/configuration-repository/ncf/",
        "/var/rudder/configuration-repository/ncf/30_generic_methods/",
        "/var/rudder/configuration-repository/ncf/30_generic_methods/service_status.cf",
        "/var/rudder/configuration-repository/ncf/30_generic_methods/dsc_built_in_resource.cf",
        "/var/rudder/configuration-repository/ncf/30_generic_methods/registry_key_present.cf",
        "/var/rudder/configuration-repository/ncf/30_generic_methods/audit_from_powershell_execution.cf",
        "/var/rudder/configuration-repository/ncf/30_generic_methods/user_password_clear.cf",
        "/var/rudder/configuration-repository/ncf/30_generic_methods/windows_hotfix_present.cf",
        "/var/rudder/configuration-repository/ncf/30_generic_methods/dsc_from_configuration.cf",
        "/var/rudder/configuration-repository/ncf/30_generic_methods/windows_component_absent.cf",
        "/var/rudder/configuration-repository/ncf/30_generic_methods/powershell_execution.cf",
        "/var/rudder/configuration-repository/ncf/30_generic_methods/user_status.cf",
        "/var/rudder/configuration-repository/ncf/30_generic_methods/package_state_windows.cf",
        "/var/rudder/configuration-repository/ncf/30_generic_methods/registry_key_absent.cf",
        "/var/rudder/configuration-repository/ncf/30_generic_methods/registry_entry_present.cf",
        "/var/rudder/configuration-repository/ncf/30_generic_methods/dsc_mof_file_apply.cf",
        "/var/rudder/configuration-repository/ncf/30_generic_methods/windows_component_present.cf",
        "/var/rudder/configuration-repository/ncf/30_generic_methods/permissions_ntfs.cf",
        "/var/rudder/configuration-repository/ncf/30_generic_methods/dsc_apply.cf",
        "/var/rudder/configuration-repository/ncf/30_generic_methods/windows_hotfix_absent.cf",
        "/var/rudder/configuration-repository/ncf/30_generic_methods/registry_entry_absent.cf",
        "/opt/rudder/etc/",
        "/opt/rudder/etc/hooks.d/",
        "/opt/rudder/etc/hooks.d/policy-generation-node-finished/",
        "/opt/rudder/etc/hooks.d/policy-generation-node-finished/91-compress-dsc-policies"
      ]
    },
    "rudder-plugin-notify": {
      "type": "plugin",
      "name": "rudder-plugin-notify",
      "version": "8.0.0~rc2-2.2",
      "build-date": "2023-10-13T10:02:19+00:00",
      "build-commit": "45b05f29381170c7a61484a59dcffec550a9c531",
      "jar-files": [],
      "depends": {
        "python": [
          "python3-requests"
        ]
      },
      "content": {
        "files.txz": "/opt/rudder/"
      },
      "requires-license": false,
      "files": [
        "/opt/rudder//",
        "/opt/rudder//share/",
        "/opt/rudder//share/python/",
        "/opt/rudder//share/python/notify.py",
        "/opt/rudder//share/python/notifyd.py",
        "/opt/rudder//share/python/log_tail.py",
        "/opt/rudder//share/python/glpi.py"
      ]
    },
    "rudder-plugin-aix": {
      "type": "plugin",
      "name": "rudder-plugin-aix",
      "version": "8.0.0~rc2-2.1",
      "build-date": "2023-10-13T10:03:34+00:00",
      "build-commit": "2abc53fb8b2d1c667a91b1a1da2f941a99872cdf",
      "jar-files": [
        "/opt/rudder/share/plugins/aix/aix.jar"
      ],
      "content": {
        "files.txz": "/opt/rudder/share/plugins"
      },
      "requires-license": true,
      "files": [
        "/opt/rudder/share/plugins/",
        "/opt/rudder/share/plugins/aix/",
        "/opt/rudder/share/plugins/aix/aix.jar"
      ]
    },
    "my_name": {
      "files": [
        "/tmp/my_path"
      ],
      "type": "plugin",
      "name": "my_name",
      "version": "0.0.0-0.0",
      "build-date": "2023-10-13T10:03:34+00:00",
      "build-commit": "2abc53fb8b2d1c667a91b1a1da2f941a99872cdf",
      "jar-files": [],
      "requires-license": false,
      "content": {
        "files.txz": "/opt/rudder/share/plugins"
      }
    }
  }
}
