<?xml version="1.0" encoding="UTF-8"?>
<Configure class="org.eclipse.jetty.webapp.WebAppContext">
  <Set name="contextPath">/rudder</Set>
  <Set name="war">/opt/rudder/share/webapps/rudder.war</Set>
  <Set name="tempDirectory">/var/rudder/tmp/jetty/jetty-rudder.war.dir</Set>
  <!-- We need to change the jetty SessionPath so we can share the cookie between Rudder, ncf and ncf-builder so they can authenticate using session cookie.
	     Using / make the cookie shared on all those 3 applications.
	 -->
  <Call name="setInitParameter">
    <Arg>org.eclipse.jetty.servlet.SessionPath</Arg>
    <Arg>/</Arg>
  </Call>
</Configure>
